[32m2026-08-27 10:13:36 +0200[0m - dagster - [34mDEBUG[0m - full_sncf_pipeline - 3749d3f4-fc4b-4d51-aace-135dc0e950cb - 273860 - LOGS_CAPTURED - Capturing logs for process (pid: 273860).
[32m2026-08-27 10:13:36 +0200[0m - dagster - [34mDEBUG[0m - full_sncf_pipeline - 3749d3f4-fc4b-4d51-aace-135dc0e950cb - 273860 - sncf_dbt_assets - STEP_START - Started execution of step "sncf_dbt_assets".
[32m2026-08-27 10:13:36 +0200[0m - dagster - [34mINFO[0m - full_sncf_pipeline - 3749d3f4-fc4b-4d51-aace-135dc0e950cb - sncf_dbt_assets - A dbt subsetted execution is not being performed. Using the default dbt selection arguments `['--select', 'fqn:*']`.
[32m2026-08-27 10:13:44 +0200[0m - dagster - [34mINFO[0m - full_sncf_pipeline - 3749d3f4-fc4b-4d51-aace-135dc0e950cb - sncf_dbt_assets - Copying `/home/flocoa/code/Projets/projet_duck-db_dagster_dbt/sncf_dbt/target/partial_parse.msgpack` to `/home/flocoa/code/Projets/projet_duck-db_dagster_dbt/sncf_dbt/target/sncf_dbt_assets-3749d3f-659e7a6/partial_parse.msgpack` to take advantage of partial parsing.
[32m2026-08-27 10:13:44 +0200[0m - dagster - [34mINFO[0m - full_sncf_pipeline - 3749d3f4-fc4b-4d51-aace-135dc0e950cb - sncf_dbt_assets - Running dbt command: `dbt build --select fqn:*`.
[32m2026-08-27 10:13:49 +0200[0m - dagster - [34mDEBUG[0m - full_sncf_pipeline - 3749d3f4-fc4b-4d51-aace-135dc0e950cb - 273860 - sncf_dbt_assets - STEP_OUTPUT - Yielded output "stg__stg_tgv_regularity" of type "Nothing". (Type check passed).
[32m2026-08-27 10:13:49 +0200[0m - dagster - [34mDEBUG[0m - full_sncf_pipeline - 3749d3f4-fc4b-4d51-aace-135dc0e950cb - 273860 - sncf_dbt_assets - ASSET_MATERIALIZATION - Materialized value stg stg_tgv_regularity.
[32m2026-08-27 10:13:49 +0200[0m - dagster - [34mDEBUG[0m - full_sncf_pipeline - 3749d3f4-fc4b-4d51-aace-135dc0e950cb - 273860 - sncf_dbt_assets - STEP_OUTPUT - Yielded output "stg__stg_tgv_regularity_not_null_stg_tgv_regularity_journey_month" of type "Any". (Type check passed).
[32m2026-08-27 10:13:49 +0200[0m - dagster - [34mDEBUG[0m - full_sncf_pipeline - 3749d3f4-fc4b-4d51-aace-135dc0e950cb - 273860 - sncf_dbt_assets - ASSET_CHECK_EVALUATION - Asset check 'not_null_stg_tgv_regularity_journey_month' on 'stg/stg_tgv_regularity' passed.
[32m2026-08-27 10:13:49 +0200[0m - dagster - [34mDEBUG[0m - full_sncf_pipeline - 3749d3f4-fc4b-4d51-aace-135dc0e950cb - 273860 - sncf_dbt_assets - STEP_OUTPUT - Yielded output "int__int_tgv_monthly" of type "Nothing". (Type check passed).
[32m2026-08-27 10:13:49 +0200[0m - dagster - [34mDEBUG[0m - full_sncf_pipeline - 3749d3f4-fc4b-4d51-aace-135dc0e950cb - 273860 - sncf_dbt_assets - ASSET_MATERIALIZATION - Materialized value int int_tgv_monthly.
[32m2026-08-27 10:13:49 +0200[0m - dagster - [34mDEBUG[0m - full_sncf_pipeline - 3749d3f4-fc4b-4d51-aace-135dc0e950cb - 273860 - sncf_dbt_assets - STEP_OUTPUT - Yielded output "int__int_tgv_monthly_not_null_int_tgv_monthly_unique_key" of type "Any". (Type check passed).
[32m2026-08-27 10:13:49 +0200[0m - dagster - [34mDEBUG[0m - full_sncf_pipeline - 3749d3f4-fc4b-4d51-aace-135dc0e950cb - 273860 - sncf_dbt_assets - ASSET_CHECK_EVALUATION - Asset check 'not_null_int_tgv_monthly_unique_key' on 'int/int_tgv_monthly' passed.
[32m2026-08-27 10:13:49 +0200[0m - dagster - [34mDEBUG[0m - full_sncf_pipeline - 3749d3f4-fc4b-4d51-aace-135dc0e950cb - 273860 - sncf_dbt_assets - STEP_OUTPUT - Yielded output "int__int_tgv_monthly_unique_int_tgv_monthly_unique_key" of type "Any". (Type check passed).
[32m2026-08-27 10:13:49 +0200[0m - dagster - [34mDEBUG[0m - full_sncf_pipeline - 3749d3f4-fc4b-4d51-aace-135dc0e950cb - 273860 - sncf_dbt_assets - ASSET_CHECK_EVALUATION - Asset check 'unique_int_tgv_monthly_unique_key' on 'int/int_tgv_monthly' passed.
[32m2026-08-27 10:13:49 +0200[0m - dagster - [34mDEBUG[0m - full_sncf_pipeline - 3749d3f4-fc4b-4d51-aace-135dc0e950cb - 273860 - sncf_dbt_assets - STEP_OUTPUT - Yielded output "mart__tgv_monthly_performance" of type "Nothing". (Type check passed).
[32m2026-08-27 10:13:49 +0200[0m - dagster - [34mDEBUG[0m - full_sncf_pipeline - 3749d3f4-fc4b-4d51-aace-135dc0e950cb - 273860 - sncf_dbt_assets - ASSET_MATERIALIZATION - Materialized value mart tgv_monthly_performance.
[32m2026-08-27 10:13:49 +0200[0m - dagster - [34mDEBUG[0m - full_sncf_pipeline - 3749d3f4-fc4b-4d51-aace-135dc0e950cb - 273860 - sncf_dbt_assets - STEP_OUTPUT - Yielded output "mart__tgv_monthly_performance_not_null_tgv_monthly_performance_arrival_station" of type "Any". (Type check passed).
[32m2026-08-27 10:13:49 +0200[0m - dagster - [34mDEBUG[0m - full_sncf_pipeline - 3749d3f4-fc4b-4d51-aace-135dc0e950cb - 273860 - sncf_dbt_assets - ASSET_CHECK_EVALUATION - Asset check 'not_null_tgv_monthly_performance_arrival_station' on 'mart/tgv_monthly_performance' passed.
[32m2026-08-27 10:13:49 +0200[0m - dagster - [34mDEBUG[0m - full_sncf_pipeline - 3749d3f4-fc4b-4d51-aace-135dc0e950cb - 273860 - sncf_dbt_assets - STEP_OUTPUT - Yielded output "mart__tgv_monthly_performance_not_null_tgv_monthly_performance_departure_station" of type "Any". (Type check passed).
[32m2026-08-27 10:13:50 +0200[0m - dagster - [34mDEBUG[0m - full_sncf_pipeline - 3749d3f4-fc4b-4d51-aace-135dc0e950cb - 273860 - sncf_dbt_assets - ASSET_CHECK_EVALUATION - Asset check 'not_null_tgv_monthly_performance_departure_station' on 'mart/tgv_monthly_performance' passed.
[32m2026-08-27 10:13:50 +0200[0m - dagster - [34mDEBUG[0m - full_sncf_pipeline - 3749d3f4-fc4b-4d51-aace-135dc0e950cb - 273860 - sncf_dbt_assets - STEP_OUTPUT - Yielded output "mart__tgv_monthly_performance_not_null_tgv_monthly_performance_journey_month" of type "Any". (Type check passed).
[32m2026-08-27 10:13:50 +0200[0m - dagster - [34mDEBUG[0m - full_sncf_pipeline - 3749d3f4-fc4b-4d51-aace-135dc0e950cb - 273860 - sncf_dbt_assets - ASSET_CHECK_EVALUATION - Asset check 'not_null_tgv_monthly_performance_journey_month' on 'mart/tgv_monthly_performance' passed.
[32m2026-08-27 10:13:50 +0200[0m - dagster - [34mDEBUG[0m - full_sncf_pipeline - 3749d3f4-fc4b-4d51-aace-135dc0e950cb - 273860 - sncf_dbt_assets - STEP_OUTPUT - Yielded output "mart__tgv_monthly_performance_not_null_tgv_monthly_performance_train_service" of type "Any". (Type check passed).
[32m2026-08-27 10:13:50 +0200[0m - dagster - [34mDEBUG[0m - full_sncf_pipeline - 3749d3f4-fc4b-4d51-aace-135dc0e950cb - 273860 - sncf_dbt_assets - ASSET_CHECK_EVALUATION - Asset check 'not_null_tgv_monthly_performance_train_service' on 'mart/tgv_monthly_performance' passed.
[32m2026-08-27 10:13:50 +0200[0m - dagster - [34mINFO[0m - full_sncf_pipeline - 3749d3f4-fc4b-4d51-aace-135dc0e950cb - sncf_dbt_assets - Finished dbt command: `dbt build --select fqn:*`.
[32m2026-08-27 10:13:50 +0200[0m - dagster - [34mDEBUG[0m - full_sncf_pipeline - 3749d3f4-fc4b-4d51-aace-135dc0e950cb - 273860 - sncf_dbt_assets - STEP_SUCCESS - Finished execution of step "sncf_dbt_assets" in 14.36s.
