Running with dbt=1.11.11
Registered adapter: duckdb=1.10.1
Found 3 models, 7 data tests, 1 source, 486 macros

Concurrency: 1 threads (target='dev')

1 of 10 START sql view model main_stg.stg_tgv_regularity ....................... [RUN]
1 of 10 OK created sql view model main_stg.stg_tgv_regularity .................. [[32mOK[0m in 0.18s]
2 of 10 START test not_null_stg_tgv_regularity_journey_month ................... [RUN]
2 of 10 PASS not_null_stg_tgv_regularity_journey_month ......................... [[32mPASS[0m in 0.09s]
3 of 10 START sql view model main_int.int_tgv_monthly .......................... [RUN]
3 of 10 OK created sql view model main_int.int_tgv_monthly ..................... [[32mOK[0m in 0.09s]
4 of 10 START test not_null_int_tgv_monthly_unique_key ......................... [RUN]
4 of 10 PASS not_null_int_tgv_monthly_unique_key ............................... [[32mPASS[0m in 0.05s]
5 of 10 START test unique_int_tgv_monthly_unique_key ........................... [RUN]
5 of 10 PASS unique_int_tgv_monthly_unique_key ................................. [[32mPASS[0m in 0.08s]
6 of 10 START sql table model main_mart.tgv_monthly_performance ................ [RUN]
6 of 10 OK created sql table model main_mart.tgv_monthly_performance ........... [[32mOK[0m in 0.30s]
7 of 10 START test not_null_tgv_monthly_performance_arrival_station ............ [RUN]
7 of 10 PASS not_null_tgv_monthly_performance_arrival_station .................. [[32mPASS[0m in 0.05s]
8 of 10 START test not_null_tgv_monthly_performance_departure_station .......... [RUN]
8 of 10 PASS not_null_tgv_monthly_performance_departure_station ................ [[32mPASS[0m in 0.04s]
9 of 10 START test not_null_tgv_monthly_performance_journey_month .............. [RUN]
9 of 10 PASS not_null_tgv_monthly_performance_journey_month .................... [[32mPASS[0m in 0.04s]
10 of 10 START test not_null_tgv_monthly_performance_train_service ............. [RUN]
10 of 10 PASS not_null_tgv_monthly_performance_train_service ................... [[32mPASS[0m in 0.04s]

Finished running 1 table model, 7 data tests, 2 view models in 0 hours 0 minutes and 1.44 seconds (1.44s).

[32mCompleted successfully[0m

Done. PASS=10 WARN=0 ERROR=0 SKIP=0 NO-OP=0 TOTAL=10
