Running with dbt=1.11.11
Registered adapter: duckdb=1.10.1
Found 3 models, 7 data tests, 1 source, 486 macros

Concurrency: 1 threads (target='dev')


Finished running  in 0 hours 0 minutes and 0.29 seconds (0.29s).
Encountered an error:
IO Error: Could not set lock on file "/home/flocoa/code/Projets/projet_duck-db_dagster_dbt/sncf_data.duckdb": Conflicting lock is held in /home/flocoa/.pyenv/versions/3.12.9/bin/python3.12 (PID 275406). See also https://duckdb.org/docs/stable/connect/concurrency
Traceback (most recent call last):
  File "/home/flocoa/.pyenv/versions/3.12.9/envs/lewagon/lib/python3.12/site-packages/dbt/adapters/duckdb/connections.py", line 95, in exception_handler
    yield
  File "/home/flocoa/.pyenv/versions/3.12.9/envs/lewagon/lib/python3.12/site-packages/dbt/adapters/sql/connections.py", line 147, in add_query
    cursor = connection.handle.cursor()
             ^^^^^^^^^^^^^^^^^
  File "/home/flocoa/.pyenv/versions/3.12.9/envs/lewagon/lib/python3.12/site-packages/dbt/adapters/contracts/connection.py", line 96, in handle
    self._handle.resolve(self)
  File "/home/flocoa/.pyenv/versions/3.12.9/envs/lewagon/lib/python3.12/site-packages/dbt/adapters/contracts/connection.py", line 120, in resolve
    return self.opener(connection)
           ^^^^^^^^^^^^^^^^^^^^^^^
  File "/home/flocoa/.pyenv/versions/3.12.9/envs/lewagon/lib/python3.12/site-packages/dbt/adapters/duckdb/connections.py", line 53, in open
    connection.handle = cls._ENV.handle()
                        ^^^^^^^^^^^^^^^^^
  File "/home/flocoa/.pyenv/versions/3.12.9/envs/lewagon/lib/python3.12/site-packages/dbt/adapters/duckdb/environments/local.py", line 75, in handle
    self.conn = self.initialize_db(self.creds, self._plugins)
                ^^^^^^^^^^^^^^^^^^^^^^^^^^^^^^^^^^^^^^^^^^^^^
  File "/home/flocoa/.pyenv/versions/3.12.9/envs/lewagon/lib/python3.12/site-packages/dbt/adapters/duckdb/environments/__init__.py", line 159, in initialize_db
    conn = duckdb.connect(creds.path, read_only=False, config=config)
           ^^^^^^^^^^^^^^^^^^^^^^^^^^^^^^^^^^^^^^^^^^^^^^^^^^^^^^^^^^
_duckdb.IOException: IO Error: Could not set lock on file "/home/flocoa/code/Projets/projet_duck-db_dagster_dbt/sncf_data.duckdb": Conflicting lock is held in /home/flocoa/.pyenv/versions/3.12.9/bin/python3.12 (PID 275406). See also https://duckdb.org/docs/stable/connect/concurrency

During handling of the above exception, another exception occurred:

Traceback (most recent call last):
  File "/home/flocoa/.pyenv/versions/3.12.9/envs/lewagon/lib/python3.12/site-packages/dbt/adapters/duckdb/connections.py", line 95, in exception_handler
    yield
  File "/home/flocoa/.pyenv/versions/3.12.9/envs/lewagon/lib/python3.12/site-packages/dbt/adapters/base/impl.py", line 1372, in execute_macro
    result = macro_function(**kwargs)
             ^^^^^^^^^^^^^^^^^^^^^^^^
  File "/home/flocoa/.pyenv/versions/3.12.9/envs/lewagon/lib/python3.12/site-packages/dbt_common/clients/jinja.py", line 427, in __call__
    return self.call_macro(*args, **kwargs)
           ^^^^^^^^^^^^^^^^^^^^^^^^^^^^^^^^
  File "/home/flocoa/.pyenv/versions/3.12.9/envs/lewagon/lib/python3.12/site-packages/dbt_common/clients/jinja.py", line 395, in call_macro
    return macro(*args, **kwargs)
           ^^^^^^^^^^^^^^^^^^^^^^
  File "/home/flocoa/.pyenv/versions/3.12.9/envs/lewagon/lib/python3.12/site-packages/jinja2/runtime.py", line 770, in __call__
    return self._invoke(arguments, autoescape)
           ^^^^^^^^^^^^^^^^^^^^^^^^^^^^^^^^^^^
  File "/home/flocoa/.pyenv/versions/3.12.9/envs/lewagon/lib/python3.12/site-packages/jinja2/runtime.py", line 784, in _invoke
    rv = self._func(*arguments)
         ^^^^^^^^^^^^^^^^^^^^^^
  File "<template>", line 20, in macro
  File "/home/flocoa/.pyenv/versions/3.12.9/envs/lewagon/lib/python3.12/site-packages/jinja2/sandbox.py", line 401, in call
    return __context.call(__obj, *args, **kwargs)
           ^^^^^^^^^^^^^^^^^^^^^^^^^^^^^^^^^^^^^^
  File "/home/flocoa/.pyenv/versions/3.12.9/envs/lewagon/lib/python3.12/site-packages/jinja2/runtime.py", line 303, in call
    return __obj(*args, **kwargs)
           ^^^^^^^^^^^^^^^^^^^^^^
  File "/home/flocoa/.pyenv/versions/3.12.9/envs/lewagon/lib/python3.12/site-packages/dbt/clients/jinja.py", line 82, in __call__
    return self.call_macro(*args, **kwargs)
           ^^^^^^^^^^^^^^^^^^^^^^^^^^^^^^^^
  File "/home/flocoa/.pyenv/versions/3.12.9/envs/lewagon/lib/python3.12/site-packages/dbt_common/clients/jinja.py", line 395, in call_macro
    return macro(*args, **kwargs)
           ^^^^^^^^^^^^^^^^^^^^^^
  File "/home/flocoa/.pyenv/versions/3.12.9/envs/lewagon/lib/python3.12/site-packages/jinja2/runtime.py", line 770, in __call__
    return self._invoke(arguments, autoescape)
           ^^^^^^^^^^^^^^^^^^^^^^^^^^^^^^^^^^^
  File "/home/flocoa/.pyenv/versions/3.12.9/envs/lewagon/lib/python3.12/site-packages/jinja2/runtime.py", line 784, in _invoke
    rv = self._func(*arguments)
         ^^^^^^^^^^^^^^^^^^^^^^
  File "<template>", line 50, in macro
  File "/home/flocoa/.pyenv/versions/3.12.9/envs/lewagon/lib/python3.12/site-packages/jinja2/sandbox.py", line 401, in call
    return __context.call(__obj, *args, **kwargs)
           ^^^^^^^^^^^^^^^^^^^^^^^^^^^^^^^^^^^^^^
  File "/home/flocoa/.pyenv/versions/3.12.9/envs/lewagon/lib/python3.12/site-packages/jinja2/runtime.py", line 303, in call
    return __obj(*args, **kwargs)
           ^^^^^^^^^^^^^^^^^^^^^^
  File "/home/flocoa/.pyenv/versions/3.12.9/envs/lewagon/lib/python3.12/site-packages/dbt/clients/jinja.py", line 82, in __call__
    return self.call_macro(*args, **kwargs)
           ^^^^^^^^^^^^^^^^^^^^^^^^^^^^^^^^
  File "/home/flocoa/.pyenv/versions/3.12.9/envs/lewagon/lib/python3.12/site-packages/dbt_common/clients/jinja.py", line 395, in call_macro
    return macro(*args, **kwargs)
           ^^^^^^^^^^^^^^^^^^^^^^
  File "/home/flocoa/.pyenv/versions/3.12.9/envs/lewagon/lib/python3.12/site-packages/jinja2/runtime.py", line 770, in __call__
    return self._invoke(arguments, autoescape)
           ^^^^^^^^^^^^^^^^^^^^^^^^^^^^^^^^^^^
  File "/home/flocoa/.pyenv/versions/3.12.9/envs/lewagon/lib/python3.12/site-packages/jinja2/runtime.py", line 784, in _invoke
    rv = self._func(*arguments)
         ^^^^^^^^^^^^^^^^^^^^^^
  File "<template>", line 33, in macro
  File "/home/flocoa/.pyenv/versions/3.12.9/envs/lewagon/lib/python3.12/site-packages/jinja2/sandbox.py", line 401, in call
    return __context.call(__obj, *args, **kwargs)
           ^^^^^^^^^^^^^^^^^^^^^^^^^^^^^^^^^^^^^^
  File "/home/flocoa/.pyenv/versions/3.12.9/envs/lewagon/lib/python3.12/site-packages/jinja2/runtime.py", line 303, in call
    return __obj(*args, **kwargs)
           ^^^^^^^^^^^^^^^^^^^^^^
  File "/home/flocoa/.pyenv/versions/3.12.9/envs/lewagon/lib/python3.12/site-packages/dbt/clients/jinja.py", line 82, in __call__
    return self.call_macro(*args, **kwargs)
           ^^^^^^^^^^^^^^^^^^^^^^^^^^^^^^^^
  File "/home/flocoa/.pyenv/versions/3.12.9/envs/lewagon/lib/python3.12/site-packages/dbt_common/clients/jinja.py", line 395, in call_macro
    return macro(*args, **kwargs)
           ^^^^^^^^^^^^^^^^^^^^^^
  File "/home/flocoa/.pyenv/versions/3.12.9/envs/lewagon/lib/python3.12/site-packages/jinja2/runtime.py", line 770, in __call__
    return self._invoke(arguments, autoescape)
           ^^^^^^^^^^^^^^^^^^^^^^^^^^^^^^^^^^^
  File "/home/flocoa/.pyenv/versions/3.12.9/envs/lewagon/lib/python3.12/site-packages/jinja2/runtime.py", line 784, in _invoke
    rv = self._func(*arguments)
         ^^^^^^^^^^^^^^^^^^^^^^
  File "<template>", line 52, in macro
  File "/home/flocoa/.pyenv/versions/3.12.9/envs/lewagon/lib/python3.12/site-packages/jinja2/sandbox.py", line 401, in call
    return __context.call(__obj, *args, **kwargs)
           ^^^^^^^^^^^^^^^^^^^^^^^^^^^^^^^^^^^^^^
  File "/home/flocoa/.pyenv/versions/3.12.9/envs/lewagon/lib/python3.12/site-packages/jinja2/runtime.py", line 303, in call
    return __obj(*args, **kwargs)
           ^^^^^^^^^^^^^^^^^^^^^^
  File "/home/flocoa/.pyenv/versions/3.12.9/envs/lewagon/lib/python3.12/site-packages/dbt_common/record.py", line 538, in record_replay_wrapper
    return func_to_record(*call_args, **kwargs)
           ^^^^^^^^^^^^^^^^^^^^^^^^^^^^^^^^^^^^
  File "/home/flocoa/.pyenv/versions/3.12.9/envs/lewagon/lib/python3.12/site-packages/dbt/adapters/base/impl.py", line 523, in execute
    return self.connections.execute(sql=sql, auto_begin=auto_begin, fetch=fetch, limit=limit)
           ^^^^^^^^^^^^^^^^^^^^^^^^^^^^^^^^^^^^^^^^^^^^^^^^^^^^^^^^^^^^^^^^^^^^^^^^^^^^^^^^^^
  File "/home/flocoa/.pyenv/versions/3.12.9/envs/lewagon/lib/python3.12/site-packages/dbt/adapters/duckdb/connections.py", line 130, in execute
    return super().execute(sql, auto_begin, fetch, limit)
           ^^^^^^^^^^^^^^^^^^^^^^^^^^^^^^^^^^^^^^^^^^^^^^
  File "/home/flocoa/.pyenv/versions/3.12.9/envs/lewagon/lib/python3.12/site-packages/dbt/adapters/sql/connections.py", line 219, in execute
    _, cursor = self.add_query(sql, auto_begin)
                ^^^^^^^^^^^^^^^^^^^^^^^^^^^^^^^
  File "/home/flocoa/.pyenv/versions/3.12.9/envs/lewagon/lib/python3.12/site-packages/dbt/adapters/sql/connections.py", line 131, in add_query
    with self.exception_handler(sql):
         ^^^^^^^^^^^^^^^^^^^^^^^^^^^
  File "/home/flocoa/.pyenv/versions/3.12.9/lib/python3.12/contextlib.py", line 158, in __exit__
    self.gen.throw(value)
  File "/home/flocoa/.pyenv/versions/3.12.9/envs/lewagon/lib/python3.12/site-packages/dbt/adapters/duckdb/connections.py", line 102, in exception_handler
    self.rollback_if_open()
  File "/home/flocoa/.pyenv/versions/3.12.9/envs/lewagon/lib/python3.12/site-packages/dbt/adapters/base/connections.py", line 125, in rollback_if_open
    if conn is not None and conn.handle and conn.transaction_open:
                            ^^^^^^^^^^^
  File "/home/flocoa/.pyenv/versions/3.12.9/envs/lewagon/lib/python3.12/site-packages/dbt/adapters/contracts/connection.py", line 96, in handle
    self._handle.resolve(self)
  File "/home/flocoa/.pyenv/versions/3.12.9/envs/lewagon/lib/python3.12/site-packages/dbt/adapters/contracts/connection.py", line 120, in resolve
    return self.opener(connection)
           ^^^^^^^^^^^^^^^^^^^^^^^
  File "/home/flocoa/.pyenv/versions/3.12.9/envs/lewagon/lib/python3.12/site-packages/dbt/adapters/duckdb/connections.py", line 53, in open
    connection.handle = cls._ENV.handle()
                        ^^^^^^^^^^^^^^^^^
  File "/home/flocoa/.pyenv/versions/3.12.9/envs/lewagon/lib/python3.12/site-packages/dbt/adapters/duckdb/environments/local.py", line 75, in handle
    self.conn = self.initialize_db(self.creds, self._plugins)
                ^^^^^^^^^^^^^^^^^^^^^^^^^^^^^^^^^^^^^^^^^^^^^
  File "/home/flocoa/.pyenv/versions/3.12.9/envs/lewagon/lib/python3.12/site-packages/dbt/adapters/duckdb/environments/__init__.py", line 159, in initialize_db
    conn = duckdb.connect(creds.path, read_only=False, config=config)
           ^^^^^^^^^^^^^^^^^^^^^^^^^^^^^^^^^^^^^^^^^^^^^^^^^^^^^^^^^^
_duckdb.IOException: IO Error: Could not set lock on file "/home/flocoa/code/Projets/projet_duck-db_dagster_dbt/sncf_data.duckdb": Conflicting lock is held in /home/flocoa/.pyenv/versions/3.12.9/bin/python3.12 (PID 275406). See also https://duckdb.org/docs/stable/connect/concurrency

During handling of the above exception, another exception occurred:

Traceback (most recent call last):
  File "/home/flocoa/.pyenv/versions/3.12.9/envs/lewagon/lib/python3.12/site-packages/dbt/cli/requires.py", line 182, in wrapper
    result, success = func(*args, **kwargs)
                      ^^^^^^^^^^^^^^^^^^^^^
  File "/home/flocoa/.pyenv/versions/3.12.9/envs/lewagon/lib/python3.12/site-packages/dbt/cli/requires.py", line 128, in wrapper
    return func(*args, **kwargs)
           ^^^^^^^^^^^^^^^^^^^^^
  File "/home/flocoa/.pyenv/versions/3.12.9/envs/lewagon/lib/python3.12/site-packages/dbt/cli/requires.py", line 276, in wrapper
    return func(*args, **kwargs)
           ^^^^^^^^^^^^^^^^^^^^^
  File "/home/flocoa/.pyenv/versions/3.12.9/envs/lewagon/lib/python3.12/site-packages/dbt/cli/requires.py", line 321, in wrapper
    return func(*args, **kwargs)
           ^^^^^^^^^^^^^^^^^^^^^
  File "/home/flocoa/.pyenv/versions/3.12.9/envs/lewagon/lib/python3.12/site-packages/dbt/cli/requires.py", line 391, in wrapper
    return func(*args, **kwargs)
           ^^^^^^^^^^^^^^^^^^^^^
  File "/home/flocoa/.pyenv/versions/3.12.9/envs/lewagon/lib/python3.12/site-packages/dbt/cli/requires.py", line 368, in wrapper
    return func(*args, **kwargs)
           ^^^^^^^^^^^^^^^^^^^^^
  File "/home/flocoa/.pyenv/versions/3.12.9/envs/lewagon/lib/python3.12/site-packages/dbt/cli/requires.py", line 408, in wrapper
    return func(*args, **kwargs)
           ^^^^^^^^^^^^^^^^^^^^^
  File "/home/flocoa/.pyenv/versions/3.12.9/envs/lewagon/lib/python3.12/site-packages/dbt/cli/main.py", line 211, in build
    results = task.run()
              ^^^^^^^^^^
  File "/home/flocoa/.pyenv/versions/3.12.9/envs/lewagon/lib/python3.12/site-packages/dbt/task/runnable.py", line 626, in run
    result = self.execute_with_hooks(selected_uids)
             ^^^^^^^^^^^^^^^^^^^^^^^^^^^^^^^^^^^^^^
  File "/home/flocoa/.pyenv/versions/3.12.9/envs/lewagon/lib/python3.12/site-packages/dbt/task/runnable.py", line 559, in execute_with_hooks
    before_run_status = self.before_run(adapter, selected_uids)
                        ^^^^^^^^^^^^^^^^^^^^^^^^^^^^^^^^^^^^^^^
  File "/home/flocoa/.pyenv/versions/3.12.9/envs/lewagon/lib/python3.12/site-packages/dbt/task/run.py", line 1114, in before_run
    self.create_schemas(adapter, required_schemas)
  File "/home/flocoa/.pyenv/versions/3.12.9/envs/lewagon/lib/python3.12/site-packages/dbt/task/runnable.py", line 734, in create_schemas
    existing_schemas_lowered.update(ls_future.result())
                                    ^^^^^^^^^^^^^^^^^^
  File "/home/flocoa/.pyenv/versions/3.12.9/lib/python3.12/concurrent/futures/_base.py", line 449, in result
    return self.__get_result()
           ^^^^^^^^^^^^^^^^^^^
  File "/home/flocoa/.pyenv/versions/3.12.9/lib/python3.12/concurrent/futures/_base.py", line 401, in __get_result
    raise self._exception
  File "/home/flocoa/.pyenv/versions/3.12.9/lib/python3.12/concurrent/futures/thread.py", line 59, in run
    result = self.fn(*self.args, **self.kwargs)
             ^^^^^^^^^^^^^^^^^^^^^^^^^^^^^^^^^^
  File "/home/flocoa/.pyenv/versions/3.12.9/envs/lewagon/lib/python3.12/site-packages/dbt_common/utils/executor.py", line 16, in connected
    return func(*args, **kwargs)
           ^^^^^^^^^^^^^^^^^^^^^
  File "/home/flocoa/.pyenv/versions/3.12.9/envs/lewagon/lib/python3.12/site-packages/dbt/task/runnable.py", line 709, in list_schemas
    for s in adapter.list_schemas(database_quoted)
             ^^^^^^^^^^^^^^^^^^^^^^^^^^^^^^^^^^^^^
  File "/home/flocoa/.pyenv/versions/3.12.9/envs/lewagon/lib/python3.12/site-packages/dbt/adapters/sql/impl.py", line 219, in list_schemas
    results = self.execute_macro(LIST_SCHEMAS_MACRO_NAME, kwargs={"database": database})
              ^^^^^^^^^^^^^^^^^^^^^^^^^^^^^^^^^^^^^^^^^^^^^^^^^^^^^^^^^^^^^^^^^^^^^^^^^^
  File "/home/flocoa/.pyenv/versions/3.12.9/envs/lewagon/lib/python3.12/site-packages/dbt/adapters/base/impl.py", line 1371, in execute_macro
    with self.connections.exception_handler(f"macro {macro_name}"):
         ^^^^^^^^^^^^^^^^^^^^^^^^^^^^^^^^^^^^^^^^^^^^^^^^^^^^^^^^^
  File "/home/flocoa/.pyenv/versions/3.12.9/lib/python3.12/contextlib.py", line 158, in __exit__
    self.gen.throw(value)
  File "/home/flocoa/.pyenv/versions/3.12.9/envs/lewagon/lib/python3.12/site-packages/dbt/adapters/duckdb/connections.py", line 102, in exception_handler
    self.rollback_if_open()
  File "/home/flocoa/.pyenv/versions/3.12.9/envs/lewagon/lib/python3.12/site-packages/dbt/adapters/base/connections.py", line 125, in rollback_if_open
    if conn is not None and conn.handle and conn.transaction_open:
                            ^^^^^^^^^^^
  File "/home/flocoa/.pyenv/versions/3.12.9/envs/lewagon/lib/python3.12/site-packages/dbt/adapters/contracts/connection.py", line 96, in handle
    self._handle.resolve(self)
  File "/home/flocoa/.pyenv/versions/3.12.9/envs/lewagon/lib/python3.12/site-packages/dbt/adapters/contracts/connection.py", line 120, in resolve
    return self.opener(connection)
           ^^^^^^^^^^^^^^^^^^^^^^^
  File "/home/flocoa/.pyenv/versions/3.12.9/envs/lewagon/lib/python3.12/site-packages/dbt/adapters/duckdb/connections.py", line 53, in open
    connection.handle = cls._ENV.handle()
                        ^^^^^^^^^^^^^^^^^
  File "/home/flocoa/.pyenv/versions/3.12.9/envs/lewagon/lib/python3.12/site-packages/dbt/adapters/duckdb/environments/local.py", line 75, in handle
    self.conn = self.initialize_db(self.creds, self._plugins)
                ^^^^^^^^^^^^^^^^^^^^^^^^^^^^^^^^^^^^^^^^^^^^^
  File "/home/flocoa/.pyenv/versions/3.12.9/envs/lewagon/lib/python3.12/site-packages/dbt/adapters/duckdb/environments/__init__.py", line 159, in initialize_db
    conn = duckdb.connect(creds.path, read_only=False, config=config)
           ^^^^^^^^^^^^^^^^^^^^^^^^^^^^^^^^^^^^^^^^^^^^^^^^^^^^^^^^^^
_duckdb.IOException: IO Error: Could not set lock on file "/home/flocoa/code/Projets/projet_duck-db_dagster_dbt/sncf_data.duckdb": Conflicting lock is held in /home/flocoa/.pyenv/versions/3.12.9/bin/python3.12 (PID 275406). See also https://duckdb.org/docs/stable/connect/concurrency

